
[1m[46m RUN [49m[22m [36mv4.0.14 [39m[90mC:/Users/celso/Documents/projetos/metal-orm[39m

 [32mÔ£ô[39m tests/datetime-functions.test.ts [2m([22m[2m64 tests[22m[2m)[22m[32m 16[2mms[22m[39m

[2m Test Files [22m [1m[32m1 passed[39m[22m[90m (1)[39m
[2m      Tests [22m [1m[32m64 passed[39m[22m[90m (64)[39m
[2m   Start at [22m 00:13:21
[2m   Duration [22m 457ms[2m (transform 172ms, setup 0ms, import 221ms, tests 16ms, environment 0ms)[22m

